mode: set
github.com/greysquirr3l/shadowforge/internal/infrastructure/stego/lsb.go:23.38,28.2 1 1
github.com/greysquirr3l/shadowforge/internal/infrastructure/stego/lsb.go:31.38,33.2 1 1
github.com/greysquirr3l/shadowforge/internal/infrastructure/stego/lsb.go:36.70,38.2 1 1
github.com/greysquirr3l/shadowforge/internal/infrastructure/stego/lsb.go:41.92,44.16 2 1
github.com/greysquirr3l/shadowforge/internal/infrastructure/stego/lsb.go:44.16,46.3 1 1
github.com/greysquirr3l/shadowforge/internal/infrastructure/stego/lsb.go:48.2,56.26 6 1
github.com/greysquirr3l/shadowforge/internal/infrastructure/stego/lsb.go:56.26,58.3 1 1
github.com/greysquirr3l/shadowforge/internal/infrastructure/stego/lsb.go:61.2,66.55 4 1
github.com/greysquirr3l/shadowforge/internal/infrastructure/stego/lsb.go:66.55,68.3 1 0
github.com/greysquirr3l/shadowforge/internal/infrastructure/stego/lsb.go:71.2,72.47 2 1
github.com/greysquirr3l/shadowforge/internal/infrastructure/stego/lsb.go:72.47,74.3 1 0
github.com/greysquirr3l/shadowforge/internal/infrastructure/stego/lsb.go:76.2,76.25 1 1
github.com/greysquirr3l/shadowforge/internal/infrastructure/stego/lsb.go:80.85,83.16 2 1
github.com/greysquirr3l/shadowforge/internal/infrastructure/stego/lsb.go:83.16,85.3 1 1
github.com/greysquirr3l/shadowforge/internal/infrastructure/stego/lsb.go:87.2,91.16 3 1
github.com/greysquirr3l/shadowforge/internal/infrastructure/stego/lsb.go:91.16,93.3 1 0
github.com/greysquirr3l/shadowforge/internal/infrastructure/stego/lsb.go:95.2,96.56 2 1
github.com/greysquirr3l/shadowforge/internal/infrastructure/stego/lsb.go:96.56,98.3 1 1
github.com/greysquirr3l/shadowforge/internal/infrastructure/stego/lsb.go:101.2,102.16 2 1
github.com/greysquirr3l/shadowforge/internal/infrastructure/stego/lsb.go:102.16,104.3 1 0
github.com/greysquirr3l/shadowforge/internal/infrastructure/stego/lsb.go:106.2,106.21 1 1
github.com/greysquirr3l/shadowforge/internal/infrastructure/stego/lsb.go:110.92,112.16 2 1
github.com/greysquirr3l/shadowforge/internal/infrastructure/stego/lsb.go:112.16,114.3 1 1
github.com/greysquirr3l/shadowforge/internal/infrastructure/stego/lsb.go:116.2,118.26 3 1
github.com/greysquirr3l/shadowforge/internal/infrastructure/stego/lsb.go:122.65,127.2 4 1
github.com/greysquirr3l/shadowforge/internal/infrastructure/stego/lsb.go:130.71,137.54 5 1
github.com/greysquirr3l/shadowforge/internal/infrastructure/stego/lsb.go:137.54,138.54 1 1
github.com/greysquirr3l/shadowforge/internal/infrastructure/stego/lsb.go:138.54,147.4 5 1
github.com/greysquirr3l/shadowforge/internal/infrastructure/stego/lsb.go:150.2,150.12 1 1
github.com/greysquirr3l/shadowforge/internal/infrastructure/stego/lsb.go:154.109,157.65 2 1
github.com/greysquirr3l/shadowforge/internal/infrastructure/stego/lsb.go:157.65,167.3 6 1
github.com/greysquirr3l/shadowforge/internal/infrastructure/stego/lsb.go:169.2,169.15 1 1
github.com/greysquirr3l/shadowforge/internal/infrastructure/stego/lsb.go:173.101,182.56 7 1
github.com/greysquirr3l/shadowforge/internal/infrastructure/stego/lsb.go:182.56,183.56 1 1
github.com/greysquirr3l/shadowforge/internal/infrastructure/stego/lsb.go:183.56,190.4 4 1
github.com/greysquirr3l/shadowforge/internal/infrastructure/stego/lsb.go:193.2,193.20 1 1
github.com/greysquirr3l/shadowforge/internal/infrastructure/stego/lsb.go:200.121,201.67 1 1
github.com/greysquirr3l/shadowforge/internal/infrastructure/stego/lsb.go:201.67,202.33 1 1
github.com/greysquirr3l/shadowforge/internal/infrastructure/stego/lsb.go:202.33,209.20 4 1
github.com/greysquirr3l/shadowforge/internal/infrastructure/stego/lsb.go:209.20,211.5 1 1
github.com/greysquirr3l/shadowforge/internal/infrastructure/stego/lsb.go:214.3,214.19 1 1
github.com/greysquirr3l/shadowforge/internal/infrastructure/stego/lsb.go:219.47,220.39 1 1
github.com/greysquirr3l/shadowforge/internal/infrastructure/stego/lsb.go:220.39,222.3 1 1
github.com/greysquirr3l/shadowforge/internal/infrastructure/stego/lsb.go:224.2,227.47 3 1
github.com/greysquirr3l/shadowforge/internal/infrastructure/stego/lsb.go:227.47,228.48 1 1
github.com/greysquirr3l/shadowforge/internal/infrastructure/stego/lsb.go:228.48,230.4 1 1
github.com/greysquirr3l/shadowforge/internal/infrastructure/stego/lsb.go:233.2,233.13 1 1
