mode: atomic
github.com/greysquirr3l/shadowforge/internal/infrastructure/stego/dct.go:22.38,26.2 1 24
github.com/greysquirr3l/shadowforge/internal/infrastructure/stego/dct.go:29.38,31.2 1 1
github.com/greysquirr3l/shadowforge/internal/infrastructure/stego/dct.go:34.70,36.2 1 5
github.com/greysquirr3l/shadowforge/internal/infrastructure/stego/dct.go:46.99,48.9 1 13
github.com/greysquirr3l/shadowforge/internal/infrastructure/stego/dct.go:49.20,50.24 1 1
github.com/greysquirr3l/shadowforge/internal/infrastructure/stego/dct.go:51.10,51.10 0 12
github.com/greysquirr3l/shadowforge/internal/infrastructure/stego/dct.go:55.2,56.16 2 12
github.com/greysquirr3l/shadowforge/internal/infrastructure/stego/dct.go:56.16,58.3 1 1
github.com/greysquirr3l/shadowforge/internal/infrastructure/stego/dct.go:73.2,77.34 4 11
github.com/greysquirr3l/shadowforge/internal/infrastructure/stego/dct.go:77.34,79.3 1 1
github.com/greysquirr3l/shadowforge/internal/infrastructure/stego/dct.go:82.2,90.48 5 10
github.com/greysquirr3l/shadowforge/internal/infrastructure/stego/dct.go:90.48,92.3 1 0
github.com/greysquirr3l/shadowforge/internal/infrastructure/stego/dct.go:95.2,97.54 3 10
github.com/greysquirr3l/shadowforge/internal/infrastructure/stego/dct.go:97.54,99.3 1 0
github.com/greysquirr3l/shadowforge/internal/infrastructure/stego/dct.go:101.2,101.25 1 10
github.com/greysquirr3l/shadowforge/internal/infrastructure/stego/dct.go:105.85,107.9 1 11
github.com/greysquirr3l/shadowforge/internal/infrastructure/stego/dct.go:108.20,109.24 1 1
github.com/greysquirr3l/shadowforge/internal/infrastructure/stego/dct.go:110.10,110.10 0 10
github.com/greysquirr3l/shadowforge/internal/infrastructure/stego/dct.go:114.2,115.16 2 10
github.com/greysquirr3l/shadowforge/internal/infrastructure/stego/dct.go:115.16,117.3 1 1
github.com/greysquirr3l/shadowforge/internal/infrastructure/stego/dct.go:119.2,123.16 3 9
github.com/greysquirr3l/shadowforge/internal/infrastructure/stego/dct.go:123.16,125.3 1 0
github.com/greysquirr3l/shadowforge/internal/infrastructure/stego/dct.go:127.2,128.56 2 9
github.com/greysquirr3l/shadowforge/internal/infrastructure/stego/dct.go:128.56,130.3 1 7
github.com/greysquirr3l/shadowforge/internal/infrastructure/stego/dct.go:133.2,134.16 2 2
github.com/greysquirr3l/shadowforge/internal/infrastructure/stego/dct.go:134.16,136.3 1 0
github.com/greysquirr3l/shadowforge/internal/infrastructure/stego/dct.go:138.2,138.21 1 2
github.com/greysquirr3l/shadowforge/internal/infrastructure/stego/dct.go:142.92,145.16 2 5
github.com/greysquirr3l/shadowforge/internal/infrastructure/stego/dct.go:145.16,147.3 1 1
github.com/greysquirr3l/shadowforge/internal/infrastructure/stego/dct.go:149.2,150.26 2 4
github.com/greysquirr3l/shadowforge/internal/infrastructure/stego/dct.go:160.65,166.2 3 15
github.com/greysquirr3l/shadowforge/internal/infrastructure/stego/dct.go:172.71,179.54 5 10
github.com/greysquirr3l/shadowforge/internal/infrastructure/stego/dct.go:179.54,180.54 1 24
github.com/greysquirr3l/shadowforge/internal/infrastructure/stego/dct.go:180.54,185.43 3 6471
github.com/greysquirr3l/shadowforge/internal/infrastructure/stego/dct.go:185.43,186.13 1 471
github.com/greysquirr3l/shadowforge/internal/infrastructure/stego/dct.go:190.4,192.29 2 6000
github.com/greysquirr3l/shadowforge/internal/infrastructure/stego/dct.go:196.2,196.26 1 10
github.com/greysquirr3l/shadowforge/internal/infrastructure/stego/dct.go:196.26,198.3 1 0
github.com/greysquirr3l/shadowforge/internal/infrastructure/stego/dct.go:200.2,200.12 1 10
github.com/greysquirr3l/shadowforge/internal/infrastructure/stego/dct.go:204.91,205.30 1 6000
github.com/greysquirr3l/shadowforge/internal/infrastructure/stego/dct.go:205.30,207.3 1 0
github.com/greysquirr3l/shadowforge/internal/infrastructure/stego/dct.go:209.2,216.13 5 6000
github.com/greysquirr3l/shadowforge/internal/infrastructure/stego/dct.go:220.101,229.56 7 11
github.com/greysquirr3l/shadowforge/internal/infrastructure/stego/dct.go:229.56,230.56 1 374
github.com/greysquirr3l/shadowforge/internal/infrastructure/stego/dct.go:230.56,235.43 3 122409
github.com/greysquirr3l/shadowforge/internal/infrastructure/stego/dct.go:235.43,236.13 1 73
github.com/greysquirr3l/shadowforge/internal/infrastructure/stego/dct.go:240.4,240.78 1 122336
github.com/greysquirr3l/shadowforge/internal/infrastructure/stego/dct.go:244.2,244.20 1 11
github.com/greysquirr3l/shadowforge/internal/infrastructure/stego/dct.go:248.123,249.30 1 122336
github.com/greysquirr3l/shadowforge/internal/infrastructure/stego/dct.go:249.30,251.3 1 0
github.com/greysquirr3l/shadowforge/internal/infrastructure/stego/dct.go:253.2,253.32 1 122336
github.com/greysquirr3l/shadowforge/internal/infrastructure/stego/dct.go:253.32,259.19 4 122272
github.com/greysquirr3l/shadowforge/internal/infrastructure/stego/dct.go:259.19,261.4 1 59460
github.com/greysquirr3l/shadowforge/internal/infrastructure/stego/dct.go:264.2,264.18 1 122336
github.com/greysquirr3l/shadowforge/internal/infrastructure/stego/lsb.go:23.38,28.2 1 0
github.com/greysquirr3l/shadowforge/internal/infrastructure/stego/lsb.go:31.38,33.2 1 0
github.com/greysquirr3l/shadowforge/internal/infrastructure/stego/lsb.go:36.70,38.2 1 0
github.com/greysquirr3l/shadowforge/internal/infrastructure/stego/lsb.go:41.92,44.16 2 0
github.com/greysquirr3l/shadowforge/internal/infrastructure/stego/lsb.go:44.16,46.3 1 0
github.com/greysquirr3l/shadowforge/internal/infrastructure/stego/lsb.go:48.2,56.26 6 0
github.com/greysquirr3l/shadowforge/internal/infrastructure/stego/lsb.go:56.26,58.3 1 0
github.com/greysquirr3l/shadowforge/internal/infrastructure/stego/lsb.go:61.2,66.55 4 0
github.com/greysquirr3l/shadowforge/internal/infrastructure/stego/lsb.go:66.55,68.3 1 0
github.com/greysquirr3l/shadowforge/internal/infrastructure/stego/lsb.go:71.2,72.47 2 0
github.com/greysquirr3l/shadowforge/internal/infrastructure/stego/lsb.go:72.47,74.3 1 0
github.com/greysquirr3l/shadowforge/internal/infrastructure/stego/lsb.go:76.2,76.25 1 0
github.com/greysquirr3l/shadowforge/internal/infrastructure/stego/lsb.go:80.85,83.16 2 0
github.com/greysquirr3l/shadowforge/internal/infrastructure/stego/lsb.go:83.16,85.3 1 0
github.com/greysquirr3l/shadowforge/internal/infrastructure/stego/lsb.go:87.2,91.16 3 0
github.com/greysquirr3l/shadowforge/internal/infrastructure/stego/lsb.go:91.16,93.3 1 0
github.com/greysquirr3l/shadowforge/internal/infrastructure/stego/lsb.go:95.2,96.56 2 0
github.com/greysquirr3l/shadowforge/internal/infrastructure/stego/lsb.go:96.56,98.3 1 0
github.com/greysquirr3l/shadowforge/internal/infrastructure/stego/lsb.go:101.2,102.16 2 0
github.com/greysquirr3l/shadowforge/internal/infrastructure/stego/lsb.go:102.16,104.3 1 0
github.com/greysquirr3l/shadowforge/internal/infrastructure/stego/lsb.go:106.2,106.21 1 0
github.com/greysquirr3l/shadowforge/internal/infrastructure/stego/lsb.go:110.92,112.16 2 0
github.com/greysquirr3l/shadowforge/internal/infrastructure/stego/lsb.go:112.16,114.3 1 0
github.com/greysquirr3l/shadowforge/internal/infrastructure/stego/lsb.go:116.2,118.26 3 0
github.com/greysquirr3l/shadowforge/internal/infrastructure/stego/lsb.go:122.65,127.2 4 0
github.com/greysquirr3l/shadowforge/internal/infrastructure/stego/lsb.go:130.71,137.54 5 0
github.com/greysquirr3l/shadowforge/internal/infrastructure/stego/lsb.go:137.54,138.54 1 0
github.com/greysquirr3l/shadowforge/internal/infrastructure/stego/lsb.go:138.54,147.4 5 0
github.com/greysquirr3l/shadowforge/internal/infrastructure/stego/lsb.go:150.2,150.12 1 0
github.com/greysquirr3l/shadowforge/internal/infrastructure/stego/lsb.go:154.109,157.65 2 0
github.com/greysquirr3l/shadowforge/internal/infrastructure/stego/lsb.go:157.65,167.3 6 0
github.com/greysquirr3l/shadowforge/internal/infrastructure/stego/lsb.go:169.2,169.15 1 0
github.com/greysquirr3l/shadowforge/internal/infrastructure/stego/lsb.go:173.101,182.56 7 0
github.com/greysquirr3l/shadowforge/internal/infrastructure/stego/lsb.go:182.56,183.56 1 0
github.com/greysquirr3l/shadowforge/internal/infrastructure/stego/lsb.go:183.56,190.4 4 0
github.com/greysquirr3l/shadowforge/internal/infrastructure/stego/lsb.go:193.2,193.20 1 0
github.com/greysquirr3l/shadowforge/internal/infrastructure/stego/lsb.go:200.121,201.67 1 0
github.com/greysquirr3l/shadowforge/internal/infrastructure/stego/lsb.go:201.67,202.33 1 0
github.com/greysquirr3l/shadowforge/internal/infrastructure/stego/lsb.go:202.33,209.20 4 0
github.com/greysquirr3l/shadowforge/internal/infrastructure/stego/lsb.go:209.20,211.5 1 0
github.com/greysquirr3l/shadowforge/internal/infrastructure/stego/lsb.go:214.3,214.19 1 0
github.com/greysquirr3l/shadowforge/internal/infrastructure/stego/lsb.go:219.47,220.39 1 19
github.com/greysquirr3l/shadowforge/internal/infrastructure/stego/lsb.go:220.39,222.3 1 0
github.com/greysquirr3l/shadowforge/internal/infrastructure/stego/lsb.go:224.2,227.47 3 19
github.com/greysquirr3l/shadowforge/internal/infrastructure/stego/lsb.go:227.47,228.48 1 4400
github.com/greysquirr3l/shadowforge/internal/infrastructure/stego/lsb.go:228.48,230.4 1 1255000
github.com/greysquirr3l/shadowforge/internal/infrastructure/stego/lsb.go:233.2,233.13 1 19
